# serializer version: 1
# name: TestBodyFiltering.test_body_rising_during_block_excluded
  dict({
    'image_hash': 'd75b24a802ecff32ee49e96060008a6d81b0113ea1ec05d1630bcc85eb4580ee',
    'image_size_bytes': 147736,
    'jupiter_excluded': True,
    'saturn_included': True,
    'targets_in_chart': list([
      'Saturn',
    ]),
  })
# ---
# name: TestBodyFiltering.test_body_setting_during_block_excluded
  dict({
    'image_hash': '881b5e10c3b3d91d9c97675c474b8a43f7dd01e0c99291628d210dd161493a7e',
    'image_size_bytes': 147811,
    'jupiter_included': True,
    'moon_excluded': True,
    'targets_in_chart': list([
      'Jupiter',
    ]),
  })
# ---
# name: TestBodyFiltering.test_chart_title_with_location_and_date
  dict({
    'date': 'November 24, 2025',
    'has_date': True,
    'has_location': True,
    'image_hash': 'b14fb107b80941ff8658813ecb2dde8aa70f53a7415efbd40a19f772e72104ee',
    'image_size_bytes': 154622,
    'location': 'Orlando',
  })
# ---
# name: TestBodyFiltering.test_no_yellow_in_colormap
  dict({
    'altitude_degrees': 70,
    'high_altitude_test': True,
    'image_hash': '6b5cda7a651ceeab60def05285189e491eba5e30da5c2ae985fb36ac3689bc90',
    'image_size_bytes': 142182,
  })
# ---
# name: TestBodyFiltering.test_non_aligned_time_window
  dict({
    'first_tick_expected_after_start': True,
    'image_hash': 'bbaaa677f43a73421d5d5ea43a68ab158cbb1fa39b5f668ba6574c1683b48708',
    'image_size_bytes': 141210,
    'start_time': '05:12 PM',
  })
# ---
# name: TestBodyFiltering.test_single_body_poor_visibility
  dict({
    'has_warning': True,
    'image_hash': '7cf3cbafcd66084a0f06d412bc9b6079e91ad5132e9ac18ff8de8e66dcfa0f32',
    'image_size_bytes': 158267,
    'targets': list([
      'Mars',
    ]),
  })
# ---
# name: TestEdgeCases.test_insufficient_continuous_hours
  dict({
    'longest_continuous_block': 1,
    'meets_1hr_minimum': True,
    'meets_2hr_minimum': False,
    'total_visible_hours': 3,
  })
# ---
# name: TestEdgeCases.test_no_bodies_visible
  dict({
    'bodies_meeting_requirement': dict({
    }),
    'has_visible_bodies': False,
    'total_slots': 1,
  })
# ---
# name: TestNotificationScenarios.test_ascii_chart_generation
  '''
  Time      Moon     Mars     Jupiter  Saturn  
  ----------------------------------------------
  09:00 PM ▓▓▓▓              ▓▓▓▓              
  10:00 PM ▓▓▓▓     ░░░░     ▓▓▓▓              
  11:00 PM ▓▓▓▓     ▓▓▓▓     ▓▓▓▓     ░░░░     
  '''
# ---
# name: TestNotificationScenarios.test_mixed_conditions_partial_visibility
  dict({
    'continuous_blocks': dict({
      'Jupiter': 32,
      'Mars': 32,
      'Moon': 32,
      'Saturn': 25,
    }),
    'image_hash': 'f8a17bf290e75f76aba3c14791182b8c36c66829f2ead831cc82ca7af5d45f08',
    'image_size_bytes': 172007,
    'times': list([
      '2025-11-24 08:00 PM',
      '2025-11-24 08:15 PM',
      '2025-11-24 08:30 PM',
      '2025-11-24 08:45 PM',
      '2025-11-24 09:00 PM',
      '2025-11-24 09:15 PM',
      '2025-11-24 09:30 PM',
      '2025-11-24 09:45 PM',
      '2025-11-24 10:00 PM',
      '2025-11-24 10:15 PM',
      '2025-11-24 10:30 PM',
      '2025-11-24 10:45 PM',
      '2025-11-24 11:00 PM',
      '2025-11-24 11:15 PM',
      '2025-11-24 11:30 PM',
      '2025-11-24 11:45 PM',
      '2025-11-25 12:00 AM',
      '2025-11-25 12:15 AM',
      '2025-11-25 12:30 AM',
      '2025-11-25 12:45 AM',
      '2025-11-25 01:00 AM',
      '2025-11-25 01:15 AM',
      '2025-11-25 01:30 AM',
      '2025-11-25 01:45 AM',
      '2025-11-25 02:00 AM',
      '2025-11-25 02:15 AM',
      '2025-11-25 02:30 AM',
      '2025-11-25 02:45 AM',
      '2025-11-25 03:00 AM',
      '2025-11-25 03:15 AM',
      '2025-11-25 03:30 AM',
      '2025-11-25 03:45 AM',
    ]),
    'visibility_summary': dict({
      '01:00 AM': 4,
      '01:15 AM': 4,
      '01:30 AM': 4,
      '01:45 AM': 4,
      '02:00 AM': 4,
      '02:15 AM': 4,
      '02:30 AM': 4,
      '02:45 AM': 4,
      '03:00 AM': 4,
      '03:15 AM': 4,
      '03:30 AM': 4,
      '03:45 AM': 4,
      '08:00 PM': 3,
      '08:15 PM': 3,
      '08:30 PM': 3,
      '08:45 PM': 3,
      '09:00 PM': 3,
      '09:15 PM': 3,
      '09:30 PM': 3,
      '09:45 PM': 4,
      '10:00 PM': 4,
      '10:15 PM': 4,
      '10:30 PM': 4,
      '10:45 PM': 4,
      '11:00 PM': 4,
      '11:15 PM': 4,
      '11:30 PM': 4,
      '11:45 PM': 4,
      '12:00 AM': 4,
      '12:15 AM': 4,
      '12:30 AM': 4,
      '12:45 AM': 4,
    }),
  })
# ---
# name: TestNotificationScenarios.test_notification_message_formatting
  '''
  🌙 Clear Skies Alert! 🌙
  Best Block: 09:00 PM-01:00 AM (4h, up to 3 bodies)
  Weather: Cloud<15.0%, Precip<5.0%
  
  Moon: 09:00 PM-01:00 AM | >15° 09:00 PM-01:00 AM
  Jupiter: 08:00 PM-02:00 AM | >15° 08:00 PM-02:00 AM
  Mars: 10:00 PM-02:00 AM
  '''
# ---
# name: TestNotificationScenarios.test_perfect_conditions_all_bodies_visible
  dict({
    'body_summary': dict({
      'Jupiter': dict({
        'altitudes': list([
          40.0,
          40.5,
          41.0,
          41.5,
          42.0,
          42.75,
          43.5,
          44.25,
          45.0,
          45.5,
          46.0,
          46.5,
          47.0,
          46.5,
          46.0,
          45.5,
          45.0,
          44.25,
          43.5,
          42.75,
          42.0,
          41.0,
          40.0,
          39.0,
        ]),
        'high_altitude_hours': 24,
        'total_visible_hours': 24,
      }),
      'Mars': dict({
        'altitudes': list([
          5.0,
          5.75,
          6.5,
          7.25,
          8.0,
          9.0,
          10.0,
          11.0,
          12.0,
          12.75,
          13.5,
          14.25,
          15.0,
          15.75,
          16.5,
          17.25,
          18.0,
          18.5,
          19.0,
          19.5,
          20.0,
          19.5,
          19.0,
          18.5,
        ]),
        'high_altitude_hours': 12,
        'total_visible_hours': 24,
      }),
      'Moon': dict({
        'altitudes': list([
          25.0,
          26.25,
          27.5,
          28.75,
          30.0,
          31.25,
          32.5,
          33.75,
          35.0,
          36.25,
          37.5,
          38.75,
          40.0,
          39.5,
          39.0,
          38.5,
          38.0,
          37.25,
          36.5,
          35.75,
          35.0,
          33.75,
          32.5,
          31.25,
        ]),
        'high_altitude_hours': 24,
        'total_visible_hours': 24,
      }),
      'Saturn': dict({
        'altitudes': list([
          0.75,
          2.0,
          2.75,
          3.5,
          4.25,
          5.0,
          5.75,
          6.5,
          7.25,
          8.0,
          8.5,
          9.0,
          9.5,
          10.0,
          9.5,
          9.0,
          8.5,
        ]),
        'high_altitude_hours': 0,
        'total_visible_hours': 17,
      }),
    }),
    'image_hash': 'ab1ec4dacc3a30852aade0af578b69660faacddc0081db146865f42d512e6604',
    'image_size_bytes': 147960,
    'times': list([
      '2025-11-24 08:00 PM',
      '2025-11-24 08:15 PM',
      '2025-11-24 08:30 PM',
      '2025-11-24 08:45 PM',
      '2025-11-24 09:00 PM',
      '2025-11-24 09:15 PM',
      '2025-11-24 09:30 PM',
      '2025-11-24 09:45 PM',
      '2025-11-24 10:00 PM',
      '2025-11-24 10:15 PM',
      '2025-11-24 10:30 PM',
      '2025-11-24 10:45 PM',
      '2025-11-24 11:00 PM',
      '2025-11-24 11:15 PM',
      '2025-11-24 11:30 PM',
      '2025-11-24 11:45 PM',
      '2025-11-25 12:00 AM',
      '2025-11-25 12:15 AM',
      '2025-11-25 12:30 AM',
      '2025-11-25 12:45 AM',
      '2025-11-25 01:00 AM',
      '2025-11-25 01:15 AM',
      '2025-11-25 01:30 AM',
      '2025-11-25 01:45 AM',
    ]),
    'visibility_grid': dict({
      '01:00 AM': dict({
        'bodies': list([
          'Moon',
          'Mars',
          'Jupiter',
          'Saturn',
        ]),
        'count': 4,
      }),
      '01:15 AM': dict({
        'bodies': list([
          'Moon',
          'Mars',
          'Jupiter',
          'Saturn',
        ]),
        'count': 4,
      }),
      '01:30 AM': dict({
        'bodies': list([
          'Moon',
          'Mars',
          'Jupiter',
          'Saturn',
        ]),
        'count': 4,
      }),
      '01:45 AM': dict({
        'bodies': list([
          'Moon',
          'Mars',
          'Jupiter',
          'Saturn',
        ]),
        'count': 4,
      }),
      '08:00 PM': dict({
        'bodies': list([
          'Moon',
          'Mars',
          'Jupiter',
        ]),
        'count': 3,
      }),
      '08:15 PM': dict({
        'bodies': list([
          'Moon',
          'Mars',
          'Jupiter',
        ]),
        'count': 3,
      }),
      '08:30 PM': dict({
        'bodies': list([
          'Moon',
          'Mars',
          'Jupiter',
        ]),
        'count': 3,
      }),
      '08:45 PM': dict({
        'bodies': list([
          'Moon',
          'Mars',
          'Jupiter',
        ]),
        'count': 3,
      }),
      '09:00 PM': dict({
        'bodies': list([
          'Moon',
          'Mars',
          'Jupiter',
        ]),
        'count': 3,
      }),
      '09:15 PM': dict({
        'bodies': list([
          'Moon',
          'Mars',
          'Jupiter',
        ]),
        'count': 3,
      }),
      '09:30 PM': dict({
        'bodies': list([
          'Moon',
          'Mars',
          'Jupiter',
        ]),
        'count': 3,
      }),
      '09:45 PM': dict({
        'bodies': list([
          'Moon',
          'Mars',
          'Jupiter',
          'Saturn',
        ]),
        'count': 4,
      }),
      '10:00 PM': dict({
        'bodies': list([
          'Moon',
          'Mars',
          'Jupiter',
          'Saturn',
        ]),
        'count': 4,
      }),
      '10:15 PM': dict({
        'bodies': list([
          'Moon',
          'Mars',
          'Jupiter',
          'Saturn',
        ]),
        'count': 4,
      }),
      '10:30 PM': dict({
        'bodies': list([
          'Moon',
          'Mars',
          'Jupiter',
          'Saturn',
        ]),
        'count': 4,
      }),
      '10:45 PM': dict({
        'bodies': list([
          'Moon',
          'Mars',
          'Jupiter',
          'Saturn',
        ]),
        'count': 4,
      }),
      '11:00 PM': dict({
        'bodies': list([
          'Moon',
          'Mars',
          'Jupiter',
          'Saturn',
        ]),
        'count': 4,
      }),
      '11:15 PM': dict({
        'bodies': list([
          'Moon',
          'Mars',
          'Jupiter',
          'Saturn',
        ]),
        'count': 4,
      }),
      '11:30 PM': dict({
        'bodies': list([
          'Moon',
          'Mars',
          'Jupiter',
          'Saturn',
        ]),
        'count': 4,
      }),
      '11:45 PM': dict({
        'bodies': list([
          'Moon',
          'Mars',
          'Jupiter',
          'Saturn',
        ]),
        'count': 4,
      }),
      '12:00 AM': dict({
        'bodies': list([
          'Moon',
          'Mars',
          'Jupiter',
          'Saturn',
        ]),
        'count': 4,
      }),
      '12:15 AM': dict({
        'bodies': list([
          'Moon',
          'Mars',
          'Jupiter',
          'Saturn',
        ]),
        'count': 4,
      }),
      '12:30 AM': dict({
        'bodies': list([
          'Moon',
          'Mars',
          'Jupiter',
          'Saturn',
        ]),
        'count': 4,
      }),
      '12:45 AM': dict({
        'bodies': list([
          'Moon',
          'Mars',
          'Jupiter',
          'Saturn',
        ]),
        'count': 4,
      }),
    }),
  })
# ---
